# Stage 2b — independent test on NCAAB 2021-22..2025-26 (run once)

Data: {"archive_games": 57116, "archive_team_keys_espn_share": 0.999877442397927, "live_games": 30851, "live_box_matched": 0.8498589997082753, "live_team_keys_espn_share": 1.0}

Raw scrape provenance: 1612 JSON files, manifest sha256 `b7cd8dea843c0ee0…`

| season | games | open | close |
|---|---|---|---|
| 2021-22 | 5963 | 5408 | 5408 |
| 2022-23 | 6065 | 5576 | 5576 |
| 2023-24 | 6243 | 5690 | 5690 |
| 2024-25 | 6281 | 5579 | 5579 |
| 2025-26 | 6299 | 5749 | 5749 |

## Engine v2_primary — two-pick buffered cards

| season | cards | 2of2 | 1of2 | 0of2 | rate_2of2 | ci95 | leg_win | leg_pred | model_joint | avg_buffer | roi_open_px_4.5% | roi_close_px_4.5% |
|---|---|---|---|---|---|---|---|---|---|---|---|---|
| 2021-22 | 130 | 75 | 53 | 2 | 0.577 | 0.491–0.658 | 0.781 | 0.797 | 0.634 | 10.319 | -0.015 | -0.082 |
| 2022-23 | 128 | 93 | 30 | 5 | 0.727 | 0.644–0.796 | 0.844 | 0.797 | 0.633 | 10.682 | 0.218 | 0.131 |
| 2023-24 | 136 | 85 | 44 | 7 | 0.625 | 0.541–0.702 | 0.787 | 0.796 | 0.633 | 10.393 | 0.061 | -0.008 |
| 2024-25 | 134 | 82 | 44 | 8 | 0.612 | 0.527–0.690 | 0.776 | 0.796 | 0.632 | 10.690 | 0.014 | -0.049 |
| 2025-26 | 136 | 89 | 38 | 9 | 0.654 | 0.571–0.729 | 0.794 | 0.796 | 0.632 | 10.616 | 0.093 | -0.031 |
| POOLED | 664 | 424 | 209 | 31 | 0.639 | 0.601–0.674 | 0.796 | 0.796 | 0.633 | 10.540 | 0.074 | -0.009 |

Leg independence: corr +0.043; product of leg rates 63.2% vs actual 63.9%.
* both Over: 345 cards, 2/2 65.2%
* both Under: 117 cards, 2/2 72.6%
* mixed: 202 cards, 2/2 56.4%

Open→close move in our direction: +1.57 pts; moved our way 75.2%, against 18.3%.

Line-shopping variant (same legs; each leg's alternate line moved by the best book's opener advantage): 2/2 435/664 = 65.5% (CI 61.8%–69.0%).

Main-line log loss model 0.69117 vs market-only 0.69312 over 25364 games.

Traceback (most recent call last):
  File "/home/user/Basketball-picks/scripts/stage2b_test.py", line 220, in <module>
    main()
    ~~~~^^
  File "/home/user/Basketball-picks/scripts/stage2b_test.py", line 207, in main
    C2, T2 = evaluate_engine("v2_primary", d, seasons, test_seasons, v2["model"], v2["card_policy"],
             ~~~~~~~~~~~~~~~^^^^^^^^^^^^^^^^^^^^^^^^^^^^^^^^^^^^^^^^^^^^^^^^^^^^^^^^^^^^^^^^^^^^^^^^
                             (None, None), F_extra)
                             ^^^^^^^^^^^^^^^^^^^^^^
  File "/home/user/Basketball-picks/scripts/stage2b_test.py", line 150, in evaluate_engine
    px = median_open_price(r.books_json, s, r.line) if isinstance(r.books_json, str) else np.nan
                                                                  ^^^^^^^^^^^^
  File "/usr/local/lib/python3.13/dist-packages/pandas/core/generic.py", line 6194, in __getattr__
    return object.__getattribute__(self, name)
           ~~~~~~~~~~~~~~~~~~~~~~~^^^^^^^^^^^^
AttributeError: 'Series' object has no attribute 'books_json'. Did you mean: 'books_json_x'?
